16:54:43.569 info extension stopping host
16:54:43.703 info extension Console Ninja extension version: 1.0.450
16:54:44.861 info host ------------ starting ------------
16:54:45.479 info extension host process output: port:[63015]
16:54:45.479 info extension 
16:54:45.566 info host client connected: extension { address: '127.0.0.1', family: 'IPv4', port: 63015 }
16:54:45.570 info host Telemetry: start_view_opened
16:54:45.907 info host starting host: {"extensionFolder":"c:\\Users\\irina\\.vscode\\extensions\\wallabyjs.console-ninja-1.0.450","runtimeHookFile":"c:\\Users\\irina\\.vscode\\extensions\\wallabyjs.console-ninja-1.0.450\\out\\runtimeHook\\tracer.js","globalErrorHandlerFile":"c:\\Users\\irina\\.vscode\\extensions\\wallabyjs.console-ninja-1.0.450\\out\\runtimeHook\\errorHandler.js","networkLoggingHandlerFile":"c:\\Users\\irina\\.vscode\\extensions\\wallabyjs.console-ninja-1.0.450\\out\\runtimeHook\\networkLoggingHandler.js","filesToInstrument":[{"path":"c:\\users\\irina\\onedrive\\рабочий стол\\download\\verstka saita gotovaya\\blended-js\\js\\lesson-2.js","reason":"search"},{"path":"c:\\Users\\irina\\OneDrive\\Рабочий стол\\download\\verstka saita gotovaya\\blended-js\\index.html","reason":"open"},{"path":"c:\\Users\\irina\\OneDrive\\Рабочий стол\\download\\verstka saita gotovaya\\blended-js\\js\\lesson-2.js","reason":"open"}],"debug":false,"config":{"dateTimeFormat":"HH:mm:ss.SSS","dateTimeDisplayMode":"Absolute","installBinToPath":true,"openLinksInEditor":true,"maxLogViewerEntries":15000,"showWelcomeMessageInTools":true,"fontSize":10,"autoClearLogViewerOnFileChanges":true,"outputMode":"Beside File","captureFunctions":false,"searchUrl":"https://www.google.com/search?q={query}","enableProFeatures":true,"toolsToAutoPatch":["vite","angular","jest","webpack","next.js","nest.js","cypress","http-server","serve","live-server","nuxt","remix","qwik","hydrogen","serverless","astro"],"showErrors":true,"showLogsOnlyFromOpenedFiles":false,"showLogsFromLogPointsOnly":false,"showLogsFromMultipleRunningToolsTogether":false,"predictiveLoggingEnabled":true,"allowConsoleLogToTriggerPredictions":false,"showNetworkRequests":true},"allowedHosts":["localhost","127.0.0.1","example.cypress.io","Iryna","192.168.1.55"],"host":"127.0.0.1","forcedStart":false,"startTime":1748699683702}
16:54:45.988 info host Telemetry: host_code_exe
16:54:45.989 info host starting tools discovery and integration
16:54:45.991 info host creating C:\Users\irina\.console-ninja\.bin
16:54:46.013 info host installing C:\Users\irina\.console-ninja\.bin\loader.js
16:54:46.025 info host installing C:\Users\irina\.console-ninja\.bin\console-ninja.ps1
16:54:46.042 info host installing C:\Users\irina\.console-ninja\.bin\console-ninja.cmd
16:54:46.045 info host installing PATH C:\Users\irina\.console-ninja\.bin
16:54:46.110 info host worker Starting Host Worker...
16:54:47.996 info host looking for tools to patch
16:54:48.070 info host found 0 tool file(s) to patch
16:54:48.089 info host completed tools discovery and integration
16:54:48.124 WARN host No clients connected
05:27:29.915 info extension stopping host
05:27:30.188 info extension Console Ninja extension version: 1.0.450
05:27:30.679 info host ------------ starting ------------
05:27:30.711 info extension host process output: port:[50394]
05:27:30.711 info extension 
05:27:30.743 info host client connected: extension { address: '127.0.0.1', family: 'IPv4', port: 50394 }
05:27:30.818 info host starting host: {"extensionFolder":"c:\\Users\\irina\\.vscode\\extensions\\wallabyjs.console-ninja-1.0.450","runtimeHookFile":"c:\\Users\\irina\\.vscode\\extensions\\wallabyjs.console-ninja-1.0.450\\out\\runtimeHook\\tracer.js","globalErrorHandlerFile":"c:\\Users\\irina\\.vscode\\extensions\\wallabyjs.console-ninja-1.0.450\\out\\runtimeHook\\errorHandler.js","networkLoggingHandlerFile":"c:\\Users\\irina\\.vscode\\extensions\\wallabyjs.console-ninja-1.0.450\\out\\runtimeHook\\networkLoggingHandler.js","filesToInstrument":[],"debug":false,"config":{"dateTimeFormat":"HH:mm:ss.SSS","dateTimeDisplayMode":"Absolute","installBinToPath":true,"openLinksInEditor":true,"maxLogViewerEntries":15000,"showWelcomeMessageInTools":true,"fontSize":10,"autoClearLogViewerOnFileChanges":true,"outputMode":"Beside File","captureFunctions":false,"searchUrl":"https://www.google.com/search?q={query}","enableProFeatures":true,"toolsToAutoPatch":["vite","angular","jest","webpack","next.js","nest.js","cypress","http-server","serve","live-server","nuxt","remix","qwik","hydrogen","serverless","astro"],"showErrors":true,"showLogsOnlyFromOpenedFiles":false,"showLogsFromLogPointsOnly":false,"showLogsFromMultipleRunningToolsTogether":false,"predictiveLoggingEnabled":true,"allowConsoleLogToTriggerPredictions":false,"showNetworkRequests":true},"allowedHosts":["localhost","127.0.0.1","example.cypress.io","Iryna","192.168.1.55"],"host":"127.0.0.1","forcedStart":false,"startTime":1749004050187}
05:27:30.838 info host Telemetry: host_code_exe
05:27:30.838 info host starting tools discovery and integration
05:27:30.866 info host installing PATH C:\Users\irina\.console-ninja\.bin
05:27:30.902 info host worker Starting Host Worker...
05:27:31.306 info host looking for tools to patch
05:27:31.327 info host found 0 tool file(s) to patch
05:27:31.337 info host completed tools discovery and integration
05:28:10.793 WARN host No clients connected
05:28:22.188 WARN host No clients connected
05:28:30.726 info host removing cache folder: 2dc4fa99e8c26d26ce93fa9a053f6035
05:28:32.936 WARN host No clients connected
05:28:39.619 WARN host No clients connected
05:34:59.106 WARN host No clients connected
18:25:25.501 info extension stopping host
18:25:25.524 info host removing cache folder: 7761156a862755bae06593d8f274a719
17:19:06.992 info extension stopping host
17:19:07.097 info extension Console Ninja extension version: 1.0.451
17:19:07.448 info host ------------ starting ------------
17:19:07.492 info extension host process output: port:[63885]
17:19:07.492 info extension 
17:19:07.553 info host client connected: extension { address: '127.0.0.1', family: 'IPv4', port: 63885 }
17:19:08.192 info host worker Starting Host Worker...
17:19:08.479 info host starting host: {"extensionFolder":"c:\\Users\\irina\\.vscode\\extensions\\wallabyjs.console-ninja-1.0.451","runtimeHookFile":"c:\\Users\\irina\\.vscode\\extensions\\wallabyjs.console-ninja-1.0.451\\out\\runtimeHook\\tracer.js","globalErrorHandlerFile":"c:\\Users\\irina\\.vscode\\extensions\\wallabyjs.console-ninja-1.0.451\\out\\runtimeHook\\errorHandler.js","networkLoggingHandlerFile":"c:\\Users\\irina\\.vscode\\extensions\\wallabyjs.console-ninja-1.0.451\\out\\runtimeHook\\networkLoggingHandler.js","filesToInstrument":[],"debug":false,"config":{"dateTimeFormat":"HH:mm:ss.SSS","dateTimeDisplayMode":"Absolute","installBinToPath":true,"openLinksInEditor":true,"maxLogViewerEntries":15000,"showWelcomeMessageInTools":true,"fontSize":10,"autoClearLogViewerOnFileChanges":true,"outputMode":"Beside File","captureFunctions":false,"searchUrl":"https://www.google.com/search?q={query}","enableProFeatures":false,"toolsToAutoPatch":["vite","angular","jest","webpack","next.js","nest.js","cypress","http-server","serve","live-server","nuxt","remix","qwik","hydrogen","serverless","astro"],"showErrors":true,"showLogsOnlyFromOpenedFiles":false,"showLogsFromLogPointsOnly":false,"showLogsFromMultipleRunningToolsTogether":false,"predictiveLoggingEnabled":true,"allowConsoleLogToTriggerPredictions":false,"showNetworkRequests":true},"allowedHosts":["localhost","127.0.0.1","example.cypress.io","Iryna","192.168.1.55"],"host":"127.0.0.1","forcedStart":false,"startTime":1749478747096}
17:19:08.520 info host Telemetry: host_code_exe
17:19:08.520 info host starting tools discovery and integration
17:19:08.540 info host updating C:\Users\irina\.console-ninja\.bin\loader.js
17:19:08.577 info host installing PATH C:\Users\irina\.console-ninja\.bin
17:19:09.313 info host looking for tools to patch
17:19:09.334 info host found 0 tool file(s) to patch
17:19:09.347 info host completed tools discovery and integration
17:19:54.607 WARN host No clients connected
17:20:14.082 WARN host No clients connected
17:20:24.514 WARN host No clients connected
17:20:40.341 WARN host No clients connected
18:48:11.192 info extension stopping host
18:48:11.232 info host removing cache folder: b85b1973d1d777e1f77510f0e3f65469
05:32:18.682 info extension stopping host
07:36:35.563 info extension stopping host
07:36:35.664 info extension Console Ninja extension version: 1.0.451
07:36:36.142 info host ------------ starting ------------
07:36:36.179 info extension host process output: port:[57851]
07:36:36.179 info extension 
07:36:36.215 info host client connected: extension { address: '127.0.0.1', family: 'IPv4', port: 57851 }
07:36:36.349 info host starting host: {"extensionFolder":"c:\\Users\\irina\\.vscode\\extensions\\wallabyjs.console-ninja-1.0.451","runtimeHookFile":"c:\\Users\\irina\\.vscode\\extensions\\wallabyjs.console-ninja-1.0.451\\out\\runtimeHook\\tracer.js","globalErrorHandlerFile":"c:\\Users\\irina\\.vscode\\extensions\\wallabyjs.console-ninja-1.0.451\\out\\runtimeHook\\errorHandler.js","networkLoggingHandlerFile":"c:\\Users\\irina\\.vscode\\extensions\\wallabyjs.console-ninja-1.0.451\\out\\runtimeHook\\networkLoggingHandler.js","filesToInstrument":[],"debug":false,"config":{"dateTimeFormat":"HH:mm:ss.SSS","dateTimeDisplayMode":"Absolute","installBinToPath":true,"openLinksInEditor":true,"maxLogViewerEntries":15000,"showWelcomeMessageInTools":true,"fontSize":10,"autoClearLogViewerOnFileChanges":true,"outputMode":"Beside File","captureFunctions":false,"searchUrl":"https://www.google.com/search?q={query}","enableProFeatures":false,"toolsToAutoPatch":["vite","angular","jest","webpack","next.js","nest.js","cypress","http-server","serve","live-server","nuxt","remix","qwik","hydrogen","serverless","astro"],"showErrors":true,"showLogsOnlyFromOpenedFiles":false,"showLogsFromLogPointsOnly":false,"showLogsFromMultipleRunningToolsTogether":false,"predictiveLoggingEnabled":true,"allowConsoleLogToTriggerPredictions":false,"showNetworkRequests":true},"allowedHosts":["localhost","127.0.0.1","example.cypress.io","Iryna","192.168.1.55"],"host":"127.0.0.1","forcedStart":false,"startTime":1749789395663}
07:36:36.383 info host Telemetry: host_code_exe
07:36:36.383 info host starting tools discovery and integration
07:36:36.494 info host worker Starting Host Worker...
07:36:36.506 info host installing PATH C:\Users\irina\.console-ninja\.bin
07:36:37.282 info host looking for tools to patch
07:36:37.297 info host found 0 tool file(s) to patch
07:36:37.306 info host completed tools discovery and integration
07:36:57.219 WARN host No clients connected
07:37:35.553 WARN host No clients connected
07:37:47.982 WARN host No clients connected
07:37:57.431 WARN host No clients connected
07:38:07.785 WARN host No clients connected
07:31:59.056 info extension stopping host
07:31:59.095 info host removing cache folder: c8ef72901aab157f698ddb89da8b2dbe
14:16:59.810 info extension stopping host
14:17:00.354 info extension Console Ninja extension version: 1.0.451
14:17:02.074 info host ------------ starting ------------
14:17:02.189 info extension host process output: port:[58093]
14:17:02.189 info extension 
14:17:02.334 info host client connected: extension { address: '127.0.0.1', family: 'IPv4', port: 58093 }
14:17:02.768 info host starting host: {"extensionFolder":"c:\\Users\\irina\\.vscode\\extensions\\wallabyjs.console-ninja-1.0.451","runtimeHookFile":"c:\\Users\\irina\\.vscode\\extensions\\wallabyjs.console-ninja-1.0.451\\out\\runtimeHook\\tracer.js","globalErrorHandlerFile":"c:\\Users\\irina\\.vscode\\extensions\\wallabyjs.console-ninja-1.0.451\\out\\runtimeHook\\errorHandler.js","networkLoggingHandlerFile":"c:\\Users\\irina\\.vscode\\extensions\\wallabyjs.console-ninja-1.0.451\\out\\runtimeHook\\networkLoggingHandler.js","filesToInstrument":[{"path":"c:\\Users\\irina\\OneDrive\\Рабочий стол\\download\\verstka saita gotovaya\\Projects\\blended-js3\\index.html","reason":"open"}],"debug":false,"config":{"dateTimeFormat":"HH:mm:ss.SSS","dateTimeDisplayMode":"Absolute","installBinToPath":true,"openLinksInEditor":true,"maxLogViewerEntries":15000,"showWelcomeMessageInTools":true,"fontSize":10,"autoClearLogViewerOnFileChanges":true,"outputMode":"Beside File","captureFunctions":false,"searchUrl":"https://www.google.com/search?q={query}","enableProFeatures":false,"toolsToAutoPatch":["vite","angular","jest","webpack","next.js","nest.js","cypress","http-server","serve","live-server","nuxt","remix","qwik","hydrogen","serverless","astro"],"showErrors":true,"showLogsOnlyFromOpenedFiles":false,"showLogsFromLogPointsOnly":false,"showLogsFromMultipleRunningToolsTogether":false,"predictiveLoggingEnabled":true,"allowConsoleLogToTriggerPredictions":false,"showNetworkRequests":true},"allowedHosts":["localhost","127.0.0.1","example.cypress.io","Iryna","192.168.1.55"],"host":"127.0.0.1","forcedStart":false,"startTime":1749986220352}
14:17:02.777 info host worker Starting Host Worker...
14:17:02.814 info host Telemetry: host_code_exe
14:17:02.815 info host starting tools discovery and integration
14:17:03.084 info host installing PATH C:\Users\irina\.console-ninja\.bin
14:17:05.485 info host looking for tools to patch
14:17:05.530 info host found 0 tool file(s) to patch
14:17:05.539 info host completed tools discovery and integration
14:17:05.551 WARN host No clients connected
14:17:30.457 WARN host No clients connected
17:06:53.108 info extension stopping host
17:06:53.148 info extension Console Ninja extension version: 1.0.451
17:06:53.572 info host ------------ starting ------------
17:06:53.609 info extension host process output: port:[51742]
17:06:53.610 info extension 
17:06:53.647 info host client connected: extension { address: '127.0.0.1', family: 'IPv4', port: 51742 }
17:06:53.816 info host starting host: {"extensionFolder":"c:\\Users\\irina\\.vscode\\extensions\\wallabyjs.console-ninja-1.0.451","runtimeHookFile":"c:\\Users\\irina\\.vscode\\extensions\\wallabyjs.console-ninja-1.0.451\\out\\runtimeHook\\tracer.js","globalErrorHandlerFile":"c:\\Users\\irina\\.vscode\\extensions\\wallabyjs.console-ninja-1.0.451\\out\\runtimeHook\\errorHandler.js","networkLoggingHandlerFile":"c:\\Users\\irina\\.vscode\\extensions\\wallabyjs.console-ninja-1.0.451\\out\\runtimeHook\\networkLoggingHandler.js","filesToInstrument":[],"debug":false,"config":{"dateTimeFormat":"HH:mm:ss.SSS","dateTimeDisplayMode":"Absolute","installBinToPath":true,"openLinksInEditor":true,"maxLogViewerEntries":15000,"showWelcomeMessageInTools":true,"fontSize":10,"autoClearLogViewerOnFileChanges":true,"outputMode":"Beside File","captureFunctions":false,"searchUrl":"https://www.google.com/search?q={query}","enableProFeatures":false,"toolsToAutoPatch":["vite","angular","jest","webpack","next.js","nest.js","cypress","http-server","serve","live-server","nuxt","remix","qwik","hydrogen","serverless","astro"],"showErrors":true,"showLogsOnlyFromOpenedFiles":false,"showLogsFromLogPointsOnly":false,"showLogsFromMultipleRunningToolsTogether":false,"predictiveLoggingEnabled":true,"allowConsoleLogToTriggerPredictions":false,"showNetworkRequests":true},"allowedHosts":["localhost","127.0.0.1","example.cypress.io","Iryna","192.168.1.55"],"host":"127.0.0.1","forcedStart":false,"startTime":1749996413147}
17:06:53.848 info host Telemetry: host_code_exe
17:06:53.848 info host starting tools discovery and integration
17:06:53.861 info host installing PATH C:\Users\irina\.console-ninja\.bin
17:06:53.883 info host worker Starting Host Worker...
17:06:54.832 info host looking for tools to patch
17:06:54.860 info host found 0 tool file(s) to patch
17:06:54.866 info host completed tools discovery and integration
17:07:00.909 WARN host No clients connected
17:07:47.894 WARN host No clients connected
17:07:57.518 WARN host No clients connected
17:08:07.800 WARN host No clients connected
00:27:50.621 ERR! host could not obtain lock; retrying Lock file is already being held
00:27:50.716 info host removing cache folder: 46e42d3695671c635fe9722f3694ca70
01:40:54.101 ERR! host could not obtain lock; retrying Lock file is already being held
01:40:54.108 info host removing cache folder: 28950a8f43ce4c91aacf9d8c5095284d
03:31:37.458 ERR! host could not obtain lock; retrying Lock file is already being held
04:42:08.344 ERR! host could not obtain lock; retrying Lock file is already being held
04:42:24.736 info extension client disconnected: 1006 
04:42:24.738 info extension host connection closed unexpectedly
04:42:24.738 info extension stopping host
04:42:24.763 ERR! extension host process exited with code 1073807364 and signal null
04:42:25.565 info extension Console Ninja extension version: 1.0.451
04:42:25.598 ERR! extension host process exited with code 3221226091 and signal null
15:19:07.497 info extension stopping host
15:19:07.535 info extension Console Ninja extension version: 1.0.453
15:19:07.937 info host ------------ starting ------------
15:19:07.970 info extension host process output: port:[59746]
15:19:07.970 info extension 
15:19:08.003 info host client connected: extension { address: '127.0.0.1', family: 'IPv4', port: 59746 }
15:19:08.109 info host starting host: {"extensionFolder":"c:\\Users\\irina\\.vscode\\extensions\\wallabyjs.console-ninja-1.0.453","runtimeHookFile":"c:\\Users\\irina\\.vscode\\extensions\\wallabyjs.console-ninja-1.0.453\\out\\runtimeHook\\tracer.js","globalErrorHandlerFile":"c:\\Users\\irina\\.vscode\\extensions\\wallabyjs.console-ninja-1.0.453\\out\\runtimeHook\\errorHandler.js","networkLoggingHandlerFile":"c:\\Users\\irina\\.vscode\\extensions\\wallabyjs.console-ninja-1.0.453\\out\\runtimeHook\\networkLoggingHandler.js","filesToInstrument":[],"debug":false,"config":{"dateTimeFormat":"HH:mm:ss.SSS","dateTimeDisplayMode":"Absolute","installBinToPath":true,"openLinksInEditor":true,"maxLogViewerEntries":15000,"showWelcomeMessageInTools":true,"fontSize":10,"autoClearLogViewerOnFileChanges":true,"outputMode":"Beside File","captureFunctions":false,"searchUrl":"https://www.google.com/search?q={query}","enableProFeatures":false,"toolsToAutoPatch":["vite","angular","jest","webpack","next.js","nest.js","cypress","http-server","serve","live-server","nuxt","remix","qwik","hydrogen","serverless","astro"],"showErrors":true,"showLogsOnlyFromOpenedFiles":false,"showLogsFromLogPointsOnly":false,"showLogsFromMultipleRunningToolsTogether":false,"predictiveLoggingEnabled":true,"allowConsoleLogToTriggerPredictions":false,"showNetworkRequests":true},"allowedHosts":["localhost","127.0.0.1","example.cypress.io","Iryna","192.168.1.55"],"host":"127.0.0.1","forcedStart":false,"startTime":1750594747533}
15:19:08.133 info host Telemetry: host_code_exe
15:19:08.133 info host starting tools discovery and integration
15:19:08.160 info host updating C:\Users\irina\.console-ninja\.bin\loader.js
15:19:08.201 info host installing PATH C:\Users\irina\.console-ninja\.bin
15:19:08.281 info host worker Starting Host Worker...
15:19:09.307 info host looking for tools to patch
15:19:09.334 info host found 0 tool file(s) to patch
15:19:09.340 info host completed tools discovery and integration
15:21:55.994 WARN host No clients connected
15:46:36.839 WARN host No clients connected
15:47:31.899 WARN host No clients connected
15:22:14.819 WARN host No clients connected
15:22:19.781 WARN host No clients connected
15:22:25.826 WARN host No clients connected
17:47:28.891 WARN host No clients connected
19:11:19.729 WARN host No clients connected
17:53:01.690 info extension stopping host
17:53:01.739 info extension Console Ninja extension version: 1.0.453
17:53:02.227 info host ------------ starting ------------
17:53:02.489 info host worker Starting Host Worker...
17:53:04.856 info extension host process output: port:[56319]
17:53:04.857 info extension 
17:53:05.843 info host client connected: extension { address: '127.0.0.1', family: 'IPv4', port: 56319 }
17:53:07.365 info host starting host: {"extensionFolder":"c:\\Users\\irina\\.vscode\\extensions\\wallabyjs.console-ninja-1.0.453","runtimeHookFile":"c:\\Users\\irina\\.vscode\\extensions\\wallabyjs.console-ninja-1.0.453\\out\\runtimeHook\\tracer.js","globalErrorHandlerFile":"c:\\Users\\irina\\.vscode\\extensions\\wallabyjs.console-ninja-1.0.453\\out\\runtimeHook\\errorHandler.js","networkLoggingHandlerFile":"c:\\Users\\irina\\.vscode\\extensions\\wallabyjs.console-ninja-1.0.453\\out\\runtimeHook\\networkLoggingHandler.js","filesToInstrument":[],"debug":false,"config":{"dateTimeFormat":"HH:mm:ss.SSS","dateTimeDisplayMode":"Absolute","installBinToPath":true,"openLinksInEditor":true,"maxLogViewerEntries":15000,"showWelcomeMessageInTools":true,"fontSize":10,"autoClearLogViewerOnFileChanges":true,"outputMode":"Beside File","captureFunctions":false,"searchUrl":"https://www.google.com/search?q={query}","enableProFeatures":false,"toolsToAutoPatch":["vite","angular","jest","webpack","next.js","nest.js","cypress","http-server","serve","live-server","nuxt","remix","qwik","hydrogen","serverless","astro"],"showErrors":true,"showLogsOnlyFromOpenedFiles":false,"showLogsFromLogPointsOnly":false,"showLogsFromMultipleRunningToolsTogether":false,"predictiveLoggingEnabled":true,"allowConsoleLogToTriggerPredictions":false,"showNetworkRequests":true},"allowedHosts":["localhost","127.0.0.1","example.cypress.io","Iryna","192.168.1.55"],"host":"127.0.0.1","forcedStart":false,"startTime":1752763981738}
17:53:07.453 info extension stopping host
17:53:07.605 info host removing cache folder: 187daff5fdfbb11b38de5e6f0fbd029a
17:53:07.738 info extension client disconnected: 1006 
20:52:24.545 info extension stopping host
20:52:24.604 info extension Console Ninja extension version: 1.0.459
20:52:24.924 info host ------------ starting ------------
20:52:24.943 info host removing cache folder: 128a50d8b1549d50f2eb0fa4cbb08c8a
20:52:24.951 info extension host process output: port:[65325]
20:52:24.951 info extension 
20:52:24.977 info host client connected: extension { address: '127.0.0.1', family: 'IPv4', port: 65325 }
20:52:25.057 info host starting host: {"extensionFolder":"c:\\Users\\irina\\.vscode\\extensions\\wallabyjs.console-ninja-1.0.459","runtimeHookFile":"c:\\Users\\irina\\.vscode\\extensions\\wallabyjs.console-ninja-1.0.459\\out\\runtimeHook\\tracer.js","globalErrorHandlerFile":"c:\\Users\\irina\\.vscode\\extensions\\wallabyjs.console-ninja-1.0.459\\out\\runtimeHook\\errorHandler.js","networkLoggingHandlerFile":"c:\\Users\\irina\\.vscode\\extensions\\wallabyjs.console-ninja-1.0.459\\out\\runtimeHook\\networkLoggingHandler.js","filesToInstrument":[],"debug":false,"config":{"dateTimeFormat":"HH:mm:ss.SSS","dateTimeDisplayMode":"Absolute","installBinToPath":true,"openLinksInEditor":true,"maxLogViewerEntries":15000,"showWelcomeMessageInTools":true,"fontSize":10,"autoClearLogViewerOnFileChanges":true,"outputMode":"Beside File","captureFunctions":false,"searchUrl":"https://www.google.com/search?q={query}","enableProFeatures":false,"toolsToAutoPatch":["vite","angular","jest","webpack","next.js","nest.js","cypress","http-server","serve","live-server","nuxt","remix","qwik","hydrogen","serverless","astro"],"showErrors":true,"showLogsOnlyFromOpenedFiles":false,"showLogsFromLogPointsOnly":false,"showLogsFromMultipleRunningToolsTogether":false,"predictiveLoggingEnabled":true,"allowConsoleLogToTriggerPredictions":false,"showNetworkRequests":true},"allowedHosts":["localhost","127.0.0.1","example.cypress.io","Iryna","192.168.1.55"],"host":"127.0.0.1","forcedStart":false,"startTime":1752774744603}
20:52:25.078 info host starting tools discovery and integration
20:52:25.089 info host updating C:\Users\irina\.console-ninja\.bin\loader.js
20:52:25.113 info host installing PATH C:\Users\irina\.console-ninja\.bin
20:52:25.113 info host worker Starting Host Worker...
20:52:25.976 info host looking for tools to patch
20:52:25.991 info host found 0 tool file(s) to patch
20:52:26.004 info host completed tools discovery and integration
20:53:05.937 WARN host No clients connected
21:18:31.163 WARN host No clients connected
21:33:27.738 info extension stopping host
